Traceback (most recent call last):
  File "<frozen runpy>", line 198, in _run_module_as_main
  File "<frozen runpy>", line 88, in _run_code
  File "D:\sykasif_repo\sykasif\.venv\Lib\site-packages\uvicorn\__main__.py", line 4, in <module>
    uvicorn.main()
    ~~~~~~~~~~~~^^
  File "D:\sykasif_repo\sykasif\.venv\Lib\site-packages\click\core.py", line 1569, in __call__
    return self.main(*args, **kwargs)
           ~~~~~~~~~^^^^^^^^^^^^^^^^^
  File "D:\sykasif_repo\sykasif\.venv\Lib\site-packages\click\core.py", line 1490, in main
    rv = self.invoke(ctx)
  File "D:\sykasif_repo\sykasif\.venv\Lib\site-packages\click\core.py", line 1353, in invoke
    return ctx.invoke(self.callback, **ctx.params)
           ~~~~~~~~~~^^^^^^^^^^^^^^^^^^^^^^^^^^^^^
  File "D:\sykasif_repo\sykasif\.venv\Lib\site-packages\click\core.py", line 907, in invoke
    return callback(*args, **kwargs)
  File "D:\sykasif_repo\sykasif\.venv\Lib\site-packages\uvicorn\main.py", line 440, in main
    run(
    ~~~^
        app,
        ^^^^
    ...<48 lines>...
        reset_contextvars=reset_contextvars,
        ^^^^^^^^^^^^^^^^^^^^^^^^^^^^^^^^^^^^
    )
    ^
  File "D:\sykasif_repo\sykasif\.venv\Lib\site-packages\uvicorn\main.py", line 609, in run
    config.load_app()
    ~~~~~~~~~~~~~~~^^
  File "D:\sykasif_repo\sykasif\.venv\Lib\site-packages\uvicorn\config.py", line 427, in load_app
    return import_from_string(self.app)
  File "D:\sykasif_repo\sykasif\.venv\Lib\site-packages\uvicorn\importer.py", line 19, in import_from_string
    module = importlib.import_module(module_str)
  File "C:\Users\Pc\AppData\Local\Python\pythoncore-3.14-64\Lib\importlib\__init__.py", line 88, in import_module
    return _bootstrap._gcd_import(name[level:], package, level)
           ~~~~~~~~~~~~~~~~~~~~~~^^^^^^^^^^^^^^^^^^^^^^^^^^^^^^
  File "<frozen importlib._bootstrap>", line 1406, in _gcd_import
  File "<frozen importlib._bootstrap>", line 1371, in _find_and_load
  File "<frozen importlib._bootstrap>", line 1342, in _find_and_load_unlocked
  File "<frozen importlib._bootstrap>", line 938, in _load_unlocked
  File "<frozen importlib._bootstrap_external>", line 759, in exec_module
  File "<frozen importlib._bootstrap>", line 491, in _call_with_frames_removed
  File "D:\sykasif_repo\sykasif\src\syk_simulasyon\runtime_ui_sunucusu.py", line 6, in <module>
    from .syk_ui import install_ui
  File "D:\sykasif_repo\sykasif\src\syk_simulasyon\syk_ui.py", line 1, in <module>
    from .syk_ui_runtime.api_routes import router as ui_api_router
  File "D:\sykasif_repo\sykasif\src\syk_simulasyon\syk_ui_runtime\api_routes.py", line 1103, in <module>
    from syk_jarmin.jarmin_integration_api import (
        router as jarmin_integration_router,
    )
  File "D:\sykasif_repo\sykasif\src\syk_jarmin\jarmin_integration_api.py", line 14, in <module>
    from syk_jarmin.runtime.integration_runtime import (
        jarmin_integration_runtime,
    )
  File "D:\sykasif_repo\sykasif\src\syk_jarmin\runtime\integration_runtime.py", line 11, in <module>
    from syk_jarmin.runtime.runtime import (
    ...<2 lines>...
    )
ImportError: cannot import name 'JarminRuntime' from 'syk_jarmin.runtime.runtime' (D:\sykasif_repo\sykasif\src\syk_jarmin\runtime\runtime.py)
